2025-08-22 05:00:01,894 - INFO - 🌅 Starting daily vulnerability report generation at 2025-08-22 05:00:01.894369
2025-08-22 05:00:01,895 - INFO - 🔐 Authenticating with Sara Hub...
2025-08-22 05:00:02,779 - ERROR - Authentication failed: 401 - {"detail":"Incorrect email or password"}
2025-08-22 05:00:02,782 - ERROR - ❌ Daily vulnerability report generation failed after 0.89 seconds
2025-08-25 05:00:02,618 - INFO - 🌅 Starting daily vulnerability report generation at 2025-08-25 05:00:02.617949
2025-08-25 05:00:02,849 - INFO - 📡 Fetching vulnerability intelligence from sources...
2025-08-25 05:00:02,850 - INFO - 🎯 Fetching CISA KEV catalog...
2025-08-25 05:00:02,941 - INFO - ✅ Retrieved 50 CISA KEV entries
2025-08-25 05:00:02,941 - INFO - 🪟 Fetching MSRC advisories...
2025-08-25 05:00:03,387 - INFO - ✅ Retrieved 20 MSRC advisories
2025-08-25 05:00:03,485 - INFO - ✅ Report saved to database for 2025-08-25
2025-08-25 05:00:03,538 - INFO - 📱 Sent NTFY notification: 🛡️ Daily Vulnerability Report Ready
2025-08-25 05:00:03,539 - INFO - ✅ Daily vulnerability report generation completed successfully in 0.92 seconds
2025-08-26 05:00:02,628 - INFO - 🌅 Starting daily vulnerability report generation at 2025-08-26 05:00:02.628601
2025-08-26 05:00:02,890 - INFO - 📡 Fetching vulnerability intelligence from sources...
2025-08-26 05:00:02,890 - INFO - 🎯 Fetching CISA KEV catalog...
2025-08-26 05:00:03,034 - INFO - ✅ Retrieved 50 CISA KEV entries
2025-08-26 05:00:03,035 - INFO - 🪟 Fetching MSRC advisories...
2025-08-26 05:00:03,449 - INFO - ✅ Retrieved 20 MSRC advisories
2025-08-26 05:00:03,569 - INFO - ✅ Report saved to database for 2025-08-26
2025-08-26 05:00:03,626 - INFO - 📱 Sent NTFY notification: 🛡️ Daily Vulnerability Report Ready
2025-08-26 05:00:03,628 - INFO - ✅ Daily vulnerability report generation completed successfully in 1.00 seconds
2025-08-27 05:00:02,803 - INFO - 🌅 Starting daily vulnerability report generation at 2025-08-27 05:00:02.803258
2025-08-27 05:00:02,858 - INFO - 🔐 Authenticating with Sara Hub...
2025-08-27 05:00:03,721 - INFO - ✅ Authenticated as david@avery.cloud
2025-08-27 05:00:03,722 - INFO - 🔑 Access token received
2025-08-27 05:00:03,722 - INFO - 🚀 Generating vulnerability report...
2025-08-27 05:01:01,196 - INFO - ✅ Report generated successfully!
2025-08-27 05:01:01,196 - INFO -    📊 Total vulnerabilities: 1
2025-08-27 05:01:01,196 - INFO -    🚨 Critical: 0
2025-08-27 05:01:01,197 - INFO -    ⚠️  KEV: 1
2025-08-27 05:01:01,197 - INFO -    📱 Notification sent: True
2025-08-27 05:01:01,198 - INFO - 🎉 Daily vulnerability report generation completed successfully in 58.40 seconds
2025-08-28 05:00:03,122 - INFO - 🌅 Starting daily vulnerability report generation at 2025-08-28 05:00:03.121874
2025-08-28 05:00:03,187 - INFO - 🔐 Authenticating with Sara Hub...
2025-08-28 05:00:04,182 - INFO - ✅ Authenticated as david@avery.cloud
2025-08-28 05:00:04,182 - INFO - 🔑 Access token received
2025-08-28 05:00:04,183 - INFO - 🚀 Generating vulnerability report...
2025-08-28 05:00:06,662 - INFO - ✅ Report generated successfully!
2025-08-28 05:00:06,663 - INFO -    📊 Total vulnerabilities: 0
2025-08-28 05:00:06,663 - INFO -    🚨 Critical: 0
2025-08-28 05:00:06,663 - INFO -    ⚠️  KEV: 0
2025-08-28 05:00:06,664 - INFO -    📱 Notification sent: True
2025-08-28 05:00:06,666 - INFO - 🎉 Daily vulnerability report generation completed successfully in 3.54 seconds
2025-09-09 05:00:03,804 - INFO - 🌅 Starting daily vulnerability report generation at 2025-09-09 05:00:03.803912
2025-09-09 05:00:03,839 - INFO - 🔐 Authenticating with Sara Hub...
2025-09-09 05:00:04,963 - INFO - ✅ Authenticated as david@avery.cloud
2025-09-09 05:00:04,963 - INFO - 🔑 Access token received
2025-09-09 05:00:04,963 - INFO - 🚀 Generating vulnerability report...
2025-09-09 05:00:08,526 - INFO - ✅ Report generated successfully!
2025-09-09 05:00:08,526 - INFO -    📊 Total vulnerabilities: 10
2025-09-09 05:00:08,526 - INFO -    🚨 Critical: 3
2025-09-09 05:00:08,526 - INFO -    ⚠️  KEV: 10
2025-09-09 05:00:08,527 - INFO -    📱 Notification sent: True
2025-09-09 05:00:08,528 - INFO - 🎉 Daily vulnerability report generation completed successfully in 4.72 seconds
2025-09-10 05:00:03,408 - INFO - 🌅 Starting daily vulnerability report generation at 2025-09-10 05:00:03.408569
2025-09-10 05:00:03,410 - INFO - 🔐 Authenticating with Sara Hub...
2025-09-10 05:00:04,836 - INFO - ✅ Authenticated as david@avery.cloud
2025-09-10 05:00:04,836 - INFO - 🔑 Access token received
2025-09-10 05:00:04,836 - INFO - 🚀 Generating vulnerability report...
2025-09-10 05:00:06,561 - INFO - ✅ Report generated successfully!
2025-09-10 05:00:06,561 - INFO -    📊 Total vulnerabilities: 0
2025-09-10 05:00:06,562 - INFO -    🚨 Critical: 0
2025-09-10 05:00:06,562 - INFO -    ⚠️  KEV: 0
2025-09-10 05:00:06,562 - INFO -    📱 Notification sent: True
2025-09-10 05:00:06,564 - INFO - 🎉 Daily vulnerability report generation completed successfully in 3.16 seconds
2025-09-11 05:00:02,435 - INFO - 🌅 Starting daily vulnerability report generation at 2025-09-11 05:00:02.435487
2025-09-11 05:00:02,437 - INFO - 🔐 Authenticating with Sara Hub...
2025-09-11 05:00:03,092 - INFO - ✅ Authenticated as david@avery.cloud
2025-09-11 05:00:03,092 - INFO - 🔑 Access token received
2025-09-11 05:00:03,093 - INFO - 🚀 Generating vulnerability report...
2025-09-11 05:00:12,209 - INFO - ✅ Report generated successfully!
2025-09-11 05:00:12,210 - INFO -    📊 Total vulnerabilities: 0
2025-09-11 05:00:12,210 - INFO -    🚨 Critical: 0
2025-09-11 05:00:12,210 - INFO -    ⚠️  KEV: 0
2025-09-11 05:00:12,210 - INFO -    📱 Notification sent: True
2025-09-11 05:00:12,211 - INFO - 🎉 Daily vulnerability report generation completed successfully in 9.78 seconds
2025-09-12 05:00:02,364 - INFO - 🌅 Starting daily vulnerability report generation at 2025-09-12 05:00:02.364345
2025-09-12 05:00:02,441 - INFO - 🔐 Authenticating with Sara Hub...
2025-09-12 05:00:03,193 - INFO - ✅ Authenticated as david@avery.cloud
2025-09-12 05:00:03,193 - INFO - 🔑 Access token received
2025-09-12 05:00:03,194 - INFO - 🚀 Generating vulnerability report...
2025-09-12 05:00:07,411 - INFO - ✅ Report generated successfully!
2025-09-12 05:00:07,412 - INFO -    📊 Total vulnerabilities: 1
2025-09-12 05:00:07,412 - INFO -    🚨 Critical: 1
2025-09-12 05:00:07,412 - INFO -    ⚠️  KEV: 1
2025-09-12 05:00:07,413 - INFO -    📱 Notification sent: True
2025-09-12 05:00:07,416 - INFO - 🎉 Daily vulnerability report generation completed successfully in 5.05 seconds
2025-09-13 05:00:01,961 - INFO - 🌅 Starting daily vulnerability report generation at 2025-09-13 05:00:01.961193
2025-09-13 05:00:01,962 - INFO - 🔐 Authenticating with Sara Hub...
2025-09-13 05:00:02,421 - INFO - ✅ Authenticated as david@avery.cloud
2025-09-13 05:00:02,421 - INFO - 🔑 Access token received
2025-09-13 05:00:02,421 - INFO - 🚀 Generating vulnerability report...
2025-09-13 05:00:04,001 - INFO - ✅ Report generated successfully!
2025-09-13 05:00:04,001 - INFO -    📊 Total vulnerabilities: 0
2025-09-13 05:00:04,001 - INFO -    🚨 Critical: 0
2025-09-13 05:00:04,001 - INFO -    ⚠️  KEV: 0
2025-09-13 05:00:04,001 - INFO -    📱 Notification sent: True
2025-09-13 05:00:04,003 - INFO - 🎉 Daily vulnerability report generation completed successfully in 2.04 seconds
2025-09-14 05:00:02,799 - INFO - 🌅 Starting daily vulnerability report generation at 2025-09-14 05:00:02.799464
2025-09-14 05:00:02,800 - INFO - 🔐 Authenticating with Sara Hub...
2025-09-14 05:00:03,338 - INFO - ✅ Authenticated as david@avery.cloud
2025-09-14 05:00:03,339 - INFO - 🔑 Access token received
2025-09-14 05:00:03,339 - INFO - 🚀 Generating vulnerability report...
2025-09-14 05:00:05,500 - INFO - ✅ Report generated successfully!
2025-09-14 05:00:05,500 - INFO -    📊 Total vulnerabilities: 0
2025-09-14 05:00:05,500 - INFO -    🚨 Critical: 0
2025-09-14 05:00:05,500 - INFO -    ⚠️  KEV: 0
2025-09-14 05:00:05,500 - INFO -    📱 Notification sent: True
2025-09-14 05:00:05,502 - INFO - 🎉 Daily vulnerability report generation completed successfully in 2.70 seconds
2025-09-15 05:00:02,558 - INFO - 🌅 Starting daily vulnerability report generation at 2025-09-15 05:00:02.558419
2025-09-15 05:00:02,559 - INFO - 🔐 Authenticating with Sara Hub...
2025-09-15 05:00:03,027 - INFO - ✅ Authenticated as david@avery.cloud
2025-09-15 05:00:03,028 - INFO - 🔑 Access token received
2025-09-15 05:00:03,028 - INFO - 🚀 Generating vulnerability report...
2025-09-15 05:00:04,833 - INFO - ✅ Report generated successfully!
2025-09-15 05:00:04,833 - INFO -    📊 Total vulnerabilities: 0
2025-09-15 05:00:04,833 - INFO -    🚨 Critical: 0
2025-09-15 05:00:04,834 - INFO -    ⚠️  KEV: 0
2025-09-15 05:00:04,834 - INFO -    📱 Notification sent: True
2025-09-15 05:00:04,836 - INFO - 🎉 Daily vulnerability report generation completed successfully in 2.28 seconds
2025-09-16 05:00:02,810 - INFO - 🌅 Starting daily vulnerability report generation at 2025-09-16 05:00:02.810133
2025-09-16 05:00:02,811 - INFO - 🔐 Authenticating with Sara Hub...
2025-09-16 05:00:03,258 - INFO - ✅ Authenticated as david@avery.cloud
2025-09-16 05:00:03,258 - INFO - 🔑 Access token received
2025-09-16 05:00:03,258 - INFO - 🚀 Generating vulnerability report...
2025-09-16 05:00:05,211 - INFO - ✅ Report generated successfully!
2025-09-16 05:00:05,212 - INFO -    📊 Total vulnerabilities: 0
2025-09-16 05:00:05,212 - INFO -    🚨 Critical: 0
2025-09-16 05:00:05,212 - INFO -    ⚠️  KEV: 0
2025-09-16 05:00:05,213 - INFO -    📱 Notification sent: True
2025-09-16 05:00:05,215 - INFO - 🎉 Daily vulnerability report generation completed successfully in 2.40 seconds
2025-09-17 05:00:02,881 - INFO - 🌅 Starting daily vulnerability report generation at 2025-09-17 05:00:02.881223
2025-09-17 05:00:02,884 - INFO - 🔐 Authenticating with Sara Hub...
2025-09-17 05:00:03,724 - INFO - ✅ Authenticated as david@avery.cloud
2025-09-17 05:00:03,725 - INFO - 🔑 Access token received
2025-09-17 05:00:03,725 - INFO - 🚀 Generating vulnerability report...
2025-09-17 05:00:07,577 - INFO - ✅ Report generated successfully!
2025-09-17 05:00:07,577 - INFO -    📊 Total vulnerabilities: 0
2025-09-17 05:00:07,578 - INFO -    🚨 Critical: 0
2025-09-17 05:00:07,578 - INFO -    ⚠️  KEV: 0
2025-09-17 05:00:07,578 - INFO -    📱 Notification sent: True
2025-09-17 05:00:07,580 - INFO - 🎉 Daily vulnerability report generation completed successfully in 4.70 seconds
2025-09-18 05:00:02,282 - INFO - 🌅 Starting daily vulnerability report generation at 2025-09-18 05:00:02.281857
2025-09-18 05:00:02,285 - INFO - 🔐 Authenticating with Sara Hub...
2025-09-18 05:00:03,079 - INFO - ✅ Authenticated as david@avery.cloud
2025-09-18 05:00:03,079 - INFO - 🔑 Access token received
2025-09-18 05:00:03,080 - INFO - 🚀 Generating vulnerability report...
2025-09-18 05:00:04,564 - INFO - ✅ Report generated successfully!
2025-09-18 05:00:04,565 - INFO -    📊 Total vulnerabilities: 0
2025-09-18 05:00:04,566 - INFO -    🚨 Critical: 0
2025-09-18 05:00:04,566 - INFO -    ⚠️  KEV: 0
2025-09-18 05:00:04,566 - INFO -    📱 Notification sent: True
2025-09-18 05:00:04,569 - INFO - 🎉 Daily vulnerability report generation completed successfully in 2.29 seconds
2025-09-19 05:00:03,347 - INFO - 🌅 Starting daily vulnerability report generation at 2025-09-19 05:00:03.347378
2025-09-19 05:00:03,350 - INFO - 🔐 Authenticating with Sara Hub...
2025-09-19 05:00:04,297 - INFO - ✅ Authenticated as david@avery.cloud
2025-09-19 05:00:04,297 - INFO - 🔑 Access token received
2025-09-19 05:00:04,298 - INFO - 🚀 Generating vulnerability report...
2025-09-19 05:00:07,133 - INFO - ✅ Report generated successfully!
2025-09-19 05:00:07,134 - INFO -    📊 Total vulnerabilities: 0
2025-09-19 05:00:07,134 - INFO -    🚨 Critical: 0
2025-09-19 05:00:07,134 - INFO -    ⚠️  KEV: 0
2025-09-19 05:00:07,134 - INFO -    📱 Notification sent: True
2025-09-19 05:00:07,136 - INFO - 🎉 Daily vulnerability report generation completed successfully in 3.79 seconds
2025-09-20 05:00:01,998 - INFO - 🌅 Starting daily vulnerability report generation at 2025-09-20 05:00:01.998108
2025-09-20 05:00:02,000 - INFO - 🔐 Authenticating with Sara Hub...
2025-09-20 05:00:02,967 - INFO - ✅ Authenticated as david@avery.cloud
2025-09-20 05:00:02,967 - INFO - 🔑 Access token received
2025-09-20 05:00:02,968 - INFO - 🚀 Generating vulnerability report...
2025-09-20 05:00:05,611 - INFO - ✅ Report generated successfully!
2025-09-20 05:00:05,611 - INFO -    📊 Total vulnerabilities: 0
2025-09-20 05:00:05,612 - INFO -    🚨 Critical: 0
2025-09-20 05:00:05,612 - INFO -    ⚠️  KEV: 0
2025-09-20 05:00:05,612 - INFO -    📱 Notification sent: True
2025-09-20 05:00:05,613 - INFO - 🎉 Daily vulnerability report generation completed successfully in 3.62 seconds
2025-09-21 05:00:02,513 - INFO - 🌅 Starting daily vulnerability report generation at 2025-09-21 05:00:02.513850
2025-09-21 05:00:02,515 - INFO - 🔐 Authenticating with Sara Hub...
2025-09-21 05:00:03,094 - INFO - ✅ Authenticated as david@avery.cloud
2025-09-21 05:00:03,095 - INFO - 🔑 Access token received
2025-09-21 05:00:03,095 - INFO - 🚀 Generating vulnerability report...
2025-09-21 05:00:05,113 - INFO - ✅ Report generated successfully!
2025-09-21 05:00:05,113 - INFO -    📊 Total vulnerabilities: 0
2025-09-21 05:00:05,114 - INFO -    🚨 Critical: 0
2025-09-21 05:00:05,114 - INFO -    ⚠️  KEV: 0
2025-09-21 05:00:05,114 - INFO -    📱 Notification sent: True
2025-09-21 05:00:05,116 - INFO - 🎉 Daily vulnerability report generation completed successfully in 2.60 seconds
2025-09-22 05:00:01,997 - INFO - 🌅 Starting daily vulnerability report generation at 2025-09-22 05:00:01.996890
2025-09-22 05:00:01,998 - INFO - 🔐 Authenticating with Sara Hub...
2025-09-22 05:00:02,471 - INFO - ✅ Authenticated as david@avery.cloud
2025-09-22 05:00:02,472 - INFO - 🔑 Access token received
2025-09-22 05:00:02,472 - INFO - 🚀 Generating vulnerability report...
2025-09-22 05:00:04,109 - INFO - ✅ Report generated successfully!
2025-09-22 05:00:04,110 - INFO -    📊 Total vulnerabilities: 0
2025-09-22 05:00:04,110 - INFO -    🚨 Critical: 0
2025-09-22 05:00:04,111 - INFO -    ⚠️  KEV: 0
2025-09-22 05:00:04,111 - INFO -    📱 Notification sent: True
2025-09-22 05:00:04,113 - INFO - 🎉 Daily vulnerability report generation completed successfully in 2.12 seconds
2025-09-23 05:00:02,433 - INFO - 🌅 Starting daily vulnerability report generation at 2025-09-23 05:00:02.433435
2025-09-23 05:00:02,434 - INFO - 🔐 Authenticating with Sara Hub...
2025-09-23 05:00:03,225 - INFO - ✅ Authenticated as david@avery.cloud
2025-09-23 05:00:03,225 - INFO - 🔑 Access token received
2025-09-23 05:00:03,225 - INFO - 🚀 Generating vulnerability report...
2025-09-23 05:00:06,685 - INFO - ✅ Report generated successfully!
2025-09-23 05:00:06,686 - INFO -    📊 Total vulnerabilities: 0
2025-09-23 05:00:06,686 - INFO -    🚨 Critical: 0
2025-09-23 05:00:06,687 - INFO -    ⚠️  KEV: 0
2025-09-23 05:00:06,687 - INFO -    📱 Notification sent: True
2025-09-23 05:00:06,689 - INFO - 🎉 Daily vulnerability report generation completed successfully in 4.26 seconds
2025-09-24 05:00:02,427 - INFO - 🌅 Starting daily vulnerability report generation at 2025-09-24 05:00:02.427655
2025-09-24 05:00:02,430 - INFO - 🔐 Authenticating with Sara Hub...
2025-09-24 05:00:03,203 - INFO - ✅ Authenticated as david@avery.cloud
2025-09-24 05:00:03,204 - INFO - 🔑 Access token received
2025-09-24 05:00:03,204 - INFO - 🚀 Generating vulnerability report...
2025-09-24 05:00:04,747 - INFO - ✅ Report generated successfully!
2025-09-24 05:00:04,748 - INFO -    📊 Total vulnerabilities: 1
2025-09-24 05:00:04,748 - INFO -    🚨 Critical: 0
2025-09-24 05:00:04,748 - INFO -    ⚠️  KEV: 1
2025-09-24 05:00:04,749 - INFO -    📱 Notification sent: True
2025-09-24 05:00:04,751 - INFO - 🎉 Daily vulnerability report generation completed successfully in 2.32 seconds
2025-09-25 05:00:02,983 - INFO - 🌅 Starting daily vulnerability report generation at 2025-09-25 05:00:02.983262
2025-09-25 05:00:03,027 - INFO - 🔐 Authenticating with Sara Hub...
2025-09-25 05:00:03,906 - INFO - ✅ Authenticated as david@avery.cloud
2025-09-25 05:00:03,906 - INFO - 🔑 Access token received
2025-09-25 05:00:03,907 - INFO - 🚀 Generating vulnerability report...
2025-09-25 05:00:06,359 - INFO - ✅ Report generated successfully!
2025-09-25 05:00:06,359 - INFO -    📊 Total vulnerabilities: 0
2025-09-25 05:00:06,359 - INFO -    🚨 Critical: 0
2025-09-25 05:00:06,359 - INFO -    ⚠️  KEV: 0
2025-09-25 05:00:06,359 - INFO -    📱 Notification sent: True
2025-09-25 05:00:06,361 - INFO - 🎉 Daily vulnerability report generation completed successfully in 3.38 seconds
2025-09-26 05:00:03,499 - INFO - 🌅 Starting daily vulnerability report generation at 2025-09-26 05:00:03.499546
2025-09-26 05:00:03,518 - INFO - 🔐 Authenticating with Sara Hub...
2025-09-26 05:00:04,303 - INFO - ✅ Authenticated as david@avery.cloud
2025-09-26 05:00:04,303 - INFO - 🔑 Access token received
2025-09-26 05:00:04,303 - INFO - 🚀 Generating vulnerability report...
2025-09-26 05:00:06,484 - INFO - ✅ Report generated successfully!
2025-09-26 05:00:06,485 - INFO -    📊 Total vulnerabilities: 2
2025-09-26 05:00:06,485 - INFO -    🚨 Critical: 1
2025-09-26 05:00:06,486 - INFO -    ⚠️  KEV: 2
2025-09-26 05:00:06,486 - INFO -    📱 Notification sent: True
2025-09-26 05:00:06,490 - INFO - 🎉 Daily vulnerability report generation completed successfully in 2.99 seconds
2025-09-27 05:00:02,397 - INFO - 🌅 Starting daily vulnerability report generation at 2025-09-27 05:00:02.397743
2025-09-27 05:00:02,400 - INFO - 🔐 Authenticating with Sara Hub...
2025-09-27 05:00:03,361 - INFO - ✅ Authenticated as david@avery.cloud
2025-09-27 05:00:03,362 - INFO - 🔑 Access token received
2025-09-27 05:00:03,362 - INFO - 🚀 Generating vulnerability report...
2025-09-27 05:00:05,010 - INFO - ✅ Report generated successfully!
2025-09-27 05:00:05,011 - INFO -    📊 Total vulnerabilities: 0
2025-09-27 05:00:05,011 - INFO -    🚨 Critical: 0
2025-09-27 05:00:05,011 - INFO -    ⚠️  KEV: 0
2025-09-27 05:00:05,011 - INFO -    📱 Notification sent: True
2025-09-27 05:00:05,014 - INFO - 🎉 Daily vulnerability report generation completed successfully in 2.62 seconds
2025-09-28 05:00:03,300 - INFO - 🌅 Starting daily vulnerability report generation at 2025-09-28 05:00:03.300375
2025-09-28 05:00:03,363 - INFO - 🔐 Authenticating with Sara Hub...
2025-09-28 05:00:04,256 - INFO - ✅ Authenticated as david@avery.cloud
2025-09-28 05:00:04,256 - INFO - 🔑 Access token received
2025-09-28 05:00:04,257 - INFO - 🚀 Generating vulnerability report...
2025-09-28 05:00:06,512 - INFO - ✅ Report generated successfully!
2025-09-28 05:00:06,513 - INFO -    📊 Total vulnerabilities: 0
2025-09-28 05:00:06,513 - INFO -    🚨 Critical: 0
2025-09-28 05:00:06,513 - INFO -    ⚠️  KEV: 0
2025-09-28 05:00:06,513 - INFO -    📱 Notification sent: True
2025-09-28 05:00:06,514 - INFO - 🎉 Daily vulnerability report generation completed successfully in 3.21 seconds
2025-09-29 05:00:02,115 - INFO - 🌅 Starting daily vulnerability report generation at 2025-09-29 05:00:02.115617
2025-09-29 05:00:02,117 - INFO - 🔐 Authenticating with Sara Hub...
2025-09-29 05:00:02,622 - INFO - ✅ Authenticated as david@avery.cloud
2025-09-29 05:00:02,622 - INFO - 🔑 Access token received
2025-09-29 05:00:02,622 - INFO - 🚀 Generating vulnerability report...
2025-09-29 05:00:05,798 - INFO - ✅ Report generated successfully!
2025-09-29 05:00:05,799 - INFO -    📊 Total vulnerabilities: 0
2025-09-29 05:00:05,799 - INFO -    🚨 Critical: 0
2025-09-29 05:00:05,799 - INFO -    ⚠️  KEV: 0
2025-09-29 05:00:05,800 - INFO -    📱 Notification sent: True
2025-09-29 05:00:05,803 - INFO - 🎉 Daily vulnerability report generation completed successfully in 3.69 seconds
2025-09-30 05:00:01,554 - INFO - 🌅 Starting daily vulnerability report generation at 2025-09-30 05:00:01.554397
2025-09-30 05:00:01,555 - INFO - 🔐 Authenticating with Sara Hub...
2025-09-30 05:00:02,012 - INFO - ✅ Authenticated as david@avery.cloud
2025-09-30 05:00:02,013 - INFO - 🔑 Access token received
2025-09-30 05:00:02,014 - INFO - 🚀 Generating vulnerability report...
2025-09-30 05:00:04,491 - INFO - ✅ Report generated successfully!
2025-09-30 05:00:04,492 - INFO -    📊 Total vulnerabilities: 5
2025-09-30 05:00:04,492 - INFO -    🚨 Critical: 2
2025-09-30 05:00:04,492 - INFO -    ⚠️  KEV: 5
2025-09-30 05:00:04,492 - INFO -    📱 Notification sent: True
2025-09-30 05:00:04,494 - INFO - 🎉 Daily vulnerability report generation completed successfully in 2.94 seconds
2025-10-01 05:00:02,626 - INFO - 🌅 Starting daily vulnerability report generation at 2025-10-01 05:00:02.626067
2025-10-01 05:00:02,628 - INFO - 🔐 Authenticating with Sara Hub...
2025-10-01 05:00:03,445 - INFO - ✅ Authenticated as david@avery.cloud
2025-10-01 05:00:03,445 - INFO - 🔑 Access token received
2025-10-01 05:00:03,446 - INFO - 🚀 Generating vulnerability report...
2025-10-01 05:00:04,183 - INFO - ✅ Report generated successfully!
2025-10-01 05:00:04,183 - INFO -    📊 Total vulnerabilities: 0
2025-10-01 05:00:04,184 - INFO -    🚨 Critical: 0
2025-10-01 05:00:04,184 - INFO -    ⚠️  KEV: 0
2025-10-01 05:00:04,185 - INFO -    📱 Notification sent: True
2025-10-01 05:00:04,187 - INFO - 🎉 Daily vulnerability report generation completed successfully in 1.56 seconds
2025-10-02 05:00:01,965 - INFO - 🌅 Starting daily vulnerability report generation at 2025-10-02 05:00:01.965120
2025-10-02 05:00:01,966 - INFO - 🔐 Authenticating with Sara Hub...
2025-10-02 05:00:02,849 - INFO - ✅ Authenticated as david@avery.cloud
2025-10-02 05:00:02,850 - INFO - 🔑 Access token received
2025-10-02 05:00:02,850 - INFO - 🚀 Generating vulnerability report...
2025-10-02 05:00:04,200 - INFO - ✅ Report generated successfully!
2025-10-02 05:00:04,200 - INFO -    📊 Total vulnerabilities: 0
2025-10-02 05:00:04,201 - INFO -    🚨 Critical: 0
2025-10-02 05:00:04,201 - INFO -    ⚠️  KEV: 0
2025-10-02 05:00:04,202 - INFO -    📱 Notification sent: True
2025-10-02 05:00:04,205 - INFO - 🎉 Daily vulnerability report generation completed successfully in 2.24 seconds
2025-10-03 05:00:02,252 - INFO - 🌅 Starting daily vulnerability report generation at 2025-10-03 05:00:02.252185
2025-10-03 05:00:02,264 - INFO - 🔐 Authenticating with Sara Hub...
2025-10-03 05:00:03,161 - INFO - ✅ Authenticated as david@avery.cloud
2025-10-03 05:00:03,161 - INFO - 🔑 Access token received
2025-10-03 05:00:03,161 - INFO - 🚀 Generating vulnerability report...
2025-10-03 05:00:05,785 - INFO - ✅ Report generated successfully!
2025-10-03 05:00:05,785 - INFO -    📊 Total vulnerabilities: 5
2025-10-03 05:00:05,785 - INFO -    🚨 Critical: 3
2025-10-03 05:00:05,785 - INFO -    ⚠️  KEV: 5
2025-10-03 05:00:05,785 - INFO -    📱 Notification sent: True
2025-10-03 05:00:05,788 - INFO - 🎉 Daily vulnerability report generation completed successfully in 3.54 seconds
2025-10-04 05:00:02,640 - INFO - 🌅 Starting daily vulnerability report generation at 2025-10-04 05:00:02.640204
2025-10-04 05:00:02,688 - INFO - 🔐 Authenticating with Sara Hub...
2025-10-04 05:00:03,508 - INFO - ✅ Authenticated as david@avery.cloud
2025-10-04 05:00:03,508 - INFO - 🔑 Access token received
2025-10-04 05:00:03,508 - INFO - 🚀 Generating vulnerability report...
2025-10-04 05:00:05,929 - INFO - ✅ Report generated successfully!
2025-10-04 05:00:05,930 - INFO -    📊 Total vulnerabilities: 0
2025-10-04 05:00:05,930 - INFO -    🚨 Critical: 0
2025-10-04 05:00:05,931 - INFO -    ⚠️  KEV: 0
2025-10-04 05:00:05,931 - INFO -    📱 Notification sent: True
2025-10-04 05:00:05,934 - INFO - 🎉 Daily vulnerability report generation completed successfully in 3.29 seconds
2025-10-05 05:00:02,624 - INFO - 🌅 Starting daily vulnerability report generation at 2025-10-05 05:00:02.624494
2025-10-05 05:00:02,678 - INFO - 🔐 Authenticating with Sara Hub...
2025-10-05 05:00:03,608 - INFO - ✅ Authenticated as david@avery.cloud
2025-10-05 05:00:03,609 - INFO - 🔑 Access token received
2025-10-05 05:00:03,610 - INFO - 🚀 Generating vulnerability report...
2025-10-05 05:00:05,191 - INFO - ✅ Report generated successfully!
2025-10-05 05:00:05,191 - INFO -    📊 Total vulnerabilities: 0
2025-10-05 05:00:05,192 - INFO -    🚨 Critical: 0
2025-10-05 05:00:05,192 - INFO -    ⚠️  KEV: 0
2025-10-05 05:00:05,192 - INFO -    📱 Notification sent: True
2025-10-05 05:00:05,194 - INFO - 🎉 Daily vulnerability report generation completed successfully in 2.57 seconds
2025-10-06 05:00:03,899 - INFO - 🌅 Starting daily vulnerability report generation at 2025-10-06 05:00:03.898915
2025-10-06 05:00:03,916 - INFO - 🔐 Authenticating with Sara Hub...
2025-10-06 05:00:04,439 - INFO - ✅ Authenticated as david@avery.cloud
2025-10-06 05:00:04,440 - INFO - 🔑 Access token received
2025-10-06 05:00:04,440 - INFO - 🚀 Generating vulnerability report...
2025-10-06 05:00:06,687 - INFO - ✅ Report generated successfully!
2025-10-06 05:00:06,688 - INFO -    📊 Total vulnerabilities: 0
2025-10-06 05:00:06,688 - INFO -    🚨 Critical: 0
2025-10-06 05:00:06,688 - INFO -    ⚠️  KEV: 0
2025-10-06 05:00:06,688 - INFO -    📱 Notification sent: True
2025-10-06 05:00:06,691 - INFO - 🎉 Daily vulnerability report generation completed successfully in 2.79 seconds
2025-10-07 05:00:02,616 - INFO - 🌅 Starting daily vulnerability report generation at 2025-10-07 05:00:02.616685
2025-10-07 05:00:02,619 - INFO - 🔐 Authenticating with Sara Hub...
2025-10-07 05:00:03,485 - INFO - ✅ Authenticated as david@avery.cloud
2025-10-07 05:00:03,486 - INFO - 🔑 Access token received
2025-10-07 05:00:03,486 - INFO - 🚀 Generating vulnerability report...
2025-10-07 05:00:06,222 - INFO - ✅ Report generated successfully!
2025-10-07 05:00:06,222 - INFO -    📊 Total vulnerabilities: 7
2025-10-07 05:00:06,222 - INFO -    🚨 Critical: 1
2025-10-07 05:00:06,222 - INFO -    ⚠️  KEV: 7
2025-10-07 05:00:06,222 - INFO -    📱 Notification sent: True
2025-10-07 05:00:06,224 - INFO - 🎉 Daily vulnerability report generation completed successfully in 3.61 seconds
2025-10-08 05:00:02,847 - INFO - 🌅 Starting daily vulnerability report generation at 2025-10-08 05:00:02.847716
2025-10-08 05:00:02,850 - INFO - 🔐 Authenticating with Sara Hub...
2025-10-08 05:00:03,776 - INFO - ✅ Authenticated as david@avery.cloud
2025-10-08 05:00:03,776 - INFO - 🔑 Access token received
2025-10-08 05:00:03,777 - INFO - 🚀 Generating vulnerability report...
2025-10-08 05:00:09,058 - INFO - ✅ Report generated successfully!
2025-10-08 05:00:09,059 - INFO -    📊 Total vulnerabilities: 1
2025-10-08 05:00:09,059 - INFO -    🚨 Critical: 0
2025-10-08 05:00:09,059 - INFO -    ⚠️  KEV: 1
2025-10-08 05:00:09,060 - INFO -    📱 Notification sent: True
2025-10-08 05:00:09,062 - INFO - 🎉 Daily vulnerability report generation completed successfully in 6.21 seconds
2025-10-09 05:00:02,826 - INFO - 🌅 Starting daily vulnerability report generation at 2025-10-09 05:00:02.826268
2025-10-09 05:00:02,828 - INFO - 🔐 Authenticating with Sara Hub...
2025-10-09 05:00:03,644 - INFO - ✅ Authenticated as david@avery.cloud
2025-10-09 05:00:03,645 - INFO - 🔑 Access token received
2025-10-09 05:00:03,645 - INFO - 🚀 Generating vulnerability report...
2025-10-09 05:00:07,092 - INFO - ✅ Report generated successfully!
2025-10-09 05:00:07,092 - INFO -    📊 Total vulnerabilities: 0
2025-10-09 05:00:07,092 - INFO -    🚨 Critical: 0
2025-10-09 05:00:07,093 - INFO -    ⚠️  KEV: 0
2025-10-09 05:00:07,093 - INFO -    📱 Notification sent: True
2025-10-09 05:00:07,094 - INFO - 🎉 Daily vulnerability report generation completed successfully in 4.27 seconds
2025-10-10 05:00:02,075 - INFO - 🌅 Starting daily vulnerability report generation at 2025-10-10 05:00:02.075020
2025-10-10 05:00:02,076 - INFO - 🔐 Authenticating with Sara Hub...
2025-10-10 05:00:02,958 - INFO - ✅ Authenticated as david@avery.cloud
2025-10-10 05:00:02,958 - INFO - 🔑 Access token received
2025-10-10 05:00:02,959 - INFO - 🚀 Generating vulnerability report...
2025-10-10 05:00:04,743 - INFO - ✅ Report generated successfully!
2025-10-10 05:00:04,744 - INFO -    📊 Total vulnerabilities: 1
2025-10-10 05:00:04,744 - INFO -    🚨 Critical: 0
2025-10-10 05:00:04,744 - INFO -    ⚠️  KEV: 1
2025-10-10 05:00:04,745 - INFO -    📱 Notification sent: True
2025-10-10 05:00:04,747 - INFO - 🎉 Daily vulnerability report generation completed successfully in 2.67 seconds
2025-10-11 05:00:02,981 - INFO - 🌅 Starting daily vulnerability report generation at 2025-10-11 05:00:02.981061
2025-10-11 05:00:02,992 - INFO - 🔐 Authenticating with Sara Hub...
2025-10-11 05:00:03,943 - INFO - ✅ Authenticated as david@avery.cloud
2025-10-11 05:00:03,944 - INFO - 🔑 Access token received
2025-10-11 05:00:03,944 - INFO - 🚀 Generating vulnerability report...
2025-10-11 05:00:06,935 - INFO - ✅ Report generated successfully!
2025-10-11 05:00:06,936 - INFO -    📊 Total vulnerabilities: 0
2025-10-11 05:00:06,936 - INFO -    🚨 Critical: 0
2025-10-11 05:00:06,936 - INFO -    ⚠️  KEV: 0
2025-10-11 05:00:06,937 - INFO -    📱 Notification sent: True
2025-10-11 05:00:06,940 - INFO - 🎉 Daily vulnerability report generation completed successfully in 3.96 seconds
2025-10-12 05:00:03,245 - INFO - 🌅 Starting daily vulnerability report generation at 2025-10-12 05:00:03.245252
2025-10-12 05:00:03,247 - INFO - 🔐 Authenticating with Sara Hub...
2025-10-12 05:00:04,301 - INFO - ✅ Authenticated as david@avery.cloud
2025-10-12 05:00:04,301 - INFO - 🔑 Access token received
2025-10-12 05:00:04,302 - INFO - 🚀 Generating vulnerability report...
2025-10-12 05:00:06,408 - INFO - ✅ Report generated successfully!
2025-10-12 05:00:06,409 - INFO -    📊 Total vulnerabilities: 0
2025-10-12 05:00:06,409 - INFO -    🚨 Critical: 0
2025-10-12 05:00:06,409 - INFO -    ⚠️  KEV: 0
2025-10-12 05:00:06,410 - INFO -    📱 Notification sent: True
2025-10-12 05:00:06,412 - INFO - 🎉 Daily vulnerability report generation completed successfully in 3.17 seconds
2025-10-13 05:00:01,979 - INFO - 🌅 Starting daily vulnerability report generation at 2025-10-13 05:00:01.979495
2025-10-13 05:00:01,980 - INFO - 🔐 Authenticating with Sara Hub...
2025-10-13 05:00:02,490 - INFO - ✅ Authenticated as david@avery.cloud
2025-10-13 05:00:02,490 - INFO - 🔑 Access token received
2025-10-13 05:00:02,491 - INFO - 🚀 Generating vulnerability report...
2025-10-13 05:00:04,824 - INFO - ✅ Report generated successfully!
2025-10-13 05:00:04,824 - INFO -    📊 Total vulnerabilities: 0
2025-10-13 05:00:04,825 - INFO -    🚨 Critical: 0
2025-10-13 05:00:04,825 - INFO -    ⚠️  KEV: 0
2025-10-13 05:00:04,825 - INFO -    📱 Notification sent: True
2025-10-13 05:00:04,827 - INFO - 🎉 Daily vulnerability report generation completed successfully in 2.85 seconds
2025-10-14 05:00:02,450 - INFO - 🌅 Starting daily vulnerability report generation at 2025-10-14 05:00:02.450048
2025-10-14 05:00:02,451 - INFO - 🔐 Authenticating with Sara Hub...
2025-10-14 05:00:02,885 - INFO - ✅ Authenticated as david@avery.cloud
2025-10-14 05:00:02,886 - INFO - 🔑 Access token received
2025-10-14 05:00:02,886 - INFO - 🚀 Generating vulnerability report...
2025-10-14 05:00:05,912 - INFO - ✅ Report generated successfully!
2025-10-14 05:00:05,913 - INFO -    📊 Total vulnerabilities: 0
2025-10-14 05:00:05,913 - INFO -    🚨 Critical: 0
2025-10-14 05:00:05,913 - INFO -    ⚠️  KEV: 0
2025-10-14 05:00:05,913 - INFO -    📱 Notification sent: True
2025-10-14 05:00:05,914 - INFO - 🎉 Daily vulnerability report generation completed successfully in 3.46 seconds
2025-10-15 05:00:02,031 - INFO - 🌅 Starting daily vulnerability report generation at 2025-10-15 05:00:02.030990
2025-10-15 05:00:02,033 - INFO - 🔐 Authenticating with Sara Hub...
2025-10-15 05:00:02,973 - INFO - ✅ Authenticated as david@avery.cloud
2025-10-15 05:00:02,973 - INFO - 🔑 Access token received
2025-10-15 05:00:02,973 - INFO - 🚀 Generating vulnerability report...
2025-10-15 05:01:06,529 - INFO - ✅ Report generated successfully!
2025-10-15 05:01:06,529 - INFO -    📊 Total vulnerabilities: 5
2025-10-15 05:01:06,529 - INFO -    🚨 Critical: 3
2025-10-15 05:01:06,529 - INFO -    ⚠️  KEV: 5
2025-10-15 05:01:06,530 - INFO -    📱 Notification sent: True
2025-10-15 05:01:06,531 - INFO - 🎉 Daily vulnerability report generation completed successfully in 64.50 seconds
2025-10-16 05:00:02,904 - INFO - 🌅 Starting daily vulnerability report generation at 2025-10-16 05:00:02.904713
2025-10-16 05:00:02,906 - INFO - 🔐 Authenticating with Sara Hub...
2025-10-16 05:00:03,489 - INFO - ✅ Authenticated as david@avery.cloud
2025-10-16 05:00:03,490 - INFO - 🔑 Access token received
2025-10-16 05:00:03,490 - INFO - 🚀 Generating vulnerability report...
2025-10-16 05:00:06,217 - INFO - ✅ Report generated successfully!
2025-10-16 05:00:06,217 - INFO -    📊 Total vulnerabilities: 1
2025-10-16 05:00:06,218 - INFO -    🚨 Critical: 0
2025-10-16 05:00:06,218 - INFO -    ⚠️  KEV: 1
2025-10-16 05:00:06,218 - INFO -    📱 Notification sent: True
2025-10-16 05:00:06,220 - INFO - 🎉 Daily vulnerability report generation completed successfully in 3.32 seconds
2025-10-17 05:00:02,093 - INFO - 🌅 Starting daily vulnerability report generation at 2025-10-17 05:00:02.093475
2025-10-17 05:00:02,111 - INFO - 🔐 Authenticating with Sara Hub...
2025-10-17 05:00:02,791 - INFO - ✅ Authenticated as david@avery.cloud
2025-10-17 05:00:02,792 - INFO - 🔑 Access token received
2025-10-17 05:00:02,792 - INFO - 🚀 Generating vulnerability report...
2025-10-17 05:00:05,631 - INFO - ✅ Report generated successfully!
2025-10-17 05:00:05,631 - INFO -    📊 Total vulnerabilities: 0
2025-10-17 05:00:05,632 - INFO -    🚨 Critical: 0
2025-10-17 05:00:05,632 - INFO -    ⚠️  KEV: 0
2025-10-17 05:00:05,632 - INFO -    📱 Notification sent: True
2025-10-17 05:00:05,633 - INFO - 🎉 Daily vulnerability report generation completed successfully in 3.54 seconds
2025-10-18 05:00:02,412 - INFO - 🌅 Starting daily vulnerability report generation at 2025-10-18 05:00:02.412132
2025-10-18 05:00:02,413 - INFO - 🔐 Authenticating with Sara Hub...
2025-10-18 05:00:02,849 - INFO - ✅ Authenticated as david@avery.cloud
2025-10-18 05:00:02,849 - INFO - 🔑 Access token received
2025-10-18 05:00:02,850 - INFO - 🚀 Generating vulnerability report...
2025-10-18 05:00:05,356 - INFO - ✅ Report generated successfully!
2025-10-18 05:00:05,356 - INFO -    📊 Total vulnerabilities: 0
2025-10-18 05:00:05,357 - INFO -    🚨 Critical: 0
2025-10-18 05:00:05,357 - INFO -    ⚠️  KEV: 0
2025-10-18 05:00:05,357 - INFO -    📱 Notification sent: True
2025-10-18 05:00:05,360 - INFO - 🎉 Daily vulnerability report generation completed successfully in 2.95 seconds
2025-10-19 05:00:02,308 - INFO - 🌅 Starting daily vulnerability report generation at 2025-10-19 05:00:02.308531
2025-10-19 05:00:02,309 - INFO - 🔐 Authenticating with Sara Hub...
2025-10-19 05:00:02,744 - INFO - ✅ Authenticated as david@avery.cloud
2025-10-19 05:00:02,744 - INFO - 🔑 Access token received
2025-10-19 05:00:02,744 - INFO - 🚀 Generating vulnerability report...
2025-10-19 05:00:04,335 - INFO - ✅ Report generated successfully!
2025-10-19 05:00:04,336 - INFO -    📊 Total vulnerabilities: 0
2025-10-19 05:00:04,336 - INFO -    🚨 Critical: 0
2025-10-19 05:00:04,336 - INFO -    ⚠️  KEV: 0
2025-10-19 05:00:04,336 - INFO -    📱 Notification sent: True
2025-10-19 05:00:04,339 - INFO - 🎉 Daily vulnerability report generation completed successfully in 2.03 seconds
2025-10-20 05:00:02,073 - INFO - 🌅 Starting daily vulnerability report generation at 2025-10-20 05:00:02.073670
2025-10-20 05:00:02,075 - INFO - 🔐 Authenticating with Sara Hub...
2025-10-20 05:00:02,975 - INFO - ✅ Authenticated as david@avery.cloud
2025-10-20 05:00:02,976 - INFO - 🔑 Access token received
2025-10-20 05:00:02,976 - INFO - 🚀 Generating vulnerability report...
2025-10-20 05:00:06,086 - INFO - ✅ Report generated successfully!
2025-10-20 05:00:06,087 - INFO -    📊 Total vulnerabilities: 0
2025-10-20 05:00:06,087 - INFO -    🚨 Critical: 0
2025-10-20 05:00:06,087 - INFO -    ⚠️  KEV: 0
2025-10-20 05:00:06,087 - INFO -    📱 Notification sent: True
2025-10-20 05:00:06,090 - INFO - 🎉 Daily vulnerability report generation completed successfully in 4.02 seconds
2025-10-21 05:00:02,440 - INFO - 🌅 Starting daily vulnerability report generation at 2025-10-21 05:00:02.440820
2025-10-21 05:00:02,444 - INFO - 🔐 Authenticating with Sara Hub...
2025-10-21 05:00:03,350 - INFO - ✅ Authenticated as david@avery.cloud
2025-10-21 05:00:03,350 - INFO - 🔑 Access token received
2025-10-21 05:00:03,351 - INFO - 🚀 Generating vulnerability report...
2025-10-21 05:00:05,681 - INFO - ✅ Report generated successfully!
2025-10-21 05:00:05,682 - INFO -    📊 Total vulnerabilities: 5
2025-10-21 05:00:05,682 - INFO -    🚨 Critical: 3
2025-10-21 05:00:05,682 - INFO -    ⚠️  KEV: 5
2025-10-21 05:00:05,683 - INFO -    📱 Notification sent: True
2025-10-21 05:00:05,685 - INFO - 🎉 Daily vulnerability report generation completed successfully in 3.24 seconds
2025-10-22 05:00:02,770 - INFO - 🌅 Starting daily vulnerability report generation at 2025-10-22 05:00:02.770675
2025-10-22 05:00:02,786 - INFO - 🔐 Authenticating with Sara Hub...
2025-10-22 05:00:03,636 - INFO - ✅ Authenticated as david@avery.cloud
2025-10-22 05:00:03,636 - INFO - 🔑 Access token received
2025-10-22 05:00:03,637 - INFO - 🚀 Generating vulnerability report...
2025-10-22 05:00:08,394 - INFO - ✅ Report generated successfully!
2025-10-22 05:00:08,394 - INFO -    📊 Total vulnerabilities: 0
2025-10-22 05:00:08,395 - INFO -    🚨 Critical: 0
2025-10-22 05:00:08,395 - INFO -    ⚠️  KEV: 0
2025-10-22 05:00:08,395 - INFO -    📱 Notification sent: True
2025-10-22 05:00:08,396 - INFO - 🎉 Daily vulnerability report generation completed successfully in 5.63 seconds
2025-10-23 05:00:02,258 - INFO - 🌅 Starting daily vulnerability report generation at 2025-10-23 05:00:02.258635
2025-10-23 05:00:02,260 - INFO - 🔐 Authenticating with Sara Hub...
2025-10-23 05:00:02,791 - INFO - ✅ Authenticated as david@avery.cloud
2025-10-23 05:00:02,791 - INFO - 🔑 Access token received
2025-10-23 05:00:02,791 - INFO - 🚀 Generating vulnerability report...
2025-10-23 05:01:21,384 - INFO - ✅ Report generated successfully!
2025-10-23 05:01:21,384 - INFO -    📊 Total vulnerabilities: 1
2025-10-23 05:01:21,385 - INFO -    🚨 Critical: 0
2025-10-23 05:01:21,385 - INFO -    ⚠️  KEV: 1
2025-10-23 05:01:21,385 - INFO -    📱 Notification sent: True
2025-10-23 05:01:21,387 - INFO - 🎉 Daily vulnerability report generation completed successfully in 79.13 seconds
2025-10-24 05:00:02,464 - INFO - 🌅 Starting daily vulnerability report generation at 2025-10-24 05:00:02.464714
2025-10-24 05:00:02,490 - INFO - 🔐 Authenticating with Sara Hub...
2025-10-24 05:00:03,134 - INFO - ✅ Authenticated as david@avery.cloud
2025-10-24 05:00:03,134 - INFO - 🔑 Access token received
2025-10-24 05:00:03,135 - INFO - 🚀 Generating vulnerability report...
2025-10-24 05:00:06,024 - INFO - ✅ Report generated successfully!
2025-10-24 05:00:06,025 - INFO -    📊 Total vulnerabilities: 0
2025-10-24 05:00:06,025 - INFO -    🚨 Critical: 0
2025-10-24 05:00:06,025 - INFO -    ⚠️  KEV: 0
2025-10-24 05:00:06,025 - INFO -    📱 Notification sent: True
2025-10-24 05:00:06,026 - INFO - 🎉 Daily vulnerability report generation completed successfully in 3.56 seconds
2025-10-25 05:00:03,046 - INFO - 🌅 Starting daily vulnerability report generation at 2025-10-25 05:00:03.046713
2025-10-25 05:00:03,099 - INFO - 🔐 Authenticating with Sara Hub...
2025-10-25 05:00:03,779 - INFO - ✅ Authenticated as david@avery.cloud
2025-10-25 05:00:03,780 - INFO - 🔑 Access token received
2025-10-25 05:00:03,780 - INFO - 🚀 Generating vulnerability report...
2025-10-25 05:00:54,879 - INFO - ✅ Report generated successfully!
2025-10-25 05:00:54,880 - INFO -    📊 Total vulnerabilities: 2
2025-10-25 05:00:54,880 - INFO -    🚨 Critical: 1
2025-10-25 05:00:54,880 - INFO -    ⚠️  KEV: 2
2025-10-25 05:00:54,881 - INFO -    📱 Notification sent: True
2025-10-25 05:00:54,883 - INFO - 🎉 Daily vulnerability report generation completed successfully in 51.84 seconds
2025-10-26 05:00:03,015 - INFO - 🌅 Starting daily vulnerability report generation at 2025-10-26 05:00:03.015015
2025-10-26 05:00:03,016 - INFO - 🔐 Authenticating with Sara Hub...
2025-10-26 05:00:03,864 - INFO - ✅ Authenticated as david@avery.cloud
2025-10-26 05:00:03,864 - INFO - 🔑 Access token received
2025-10-26 05:00:03,865 - INFO - 🚀 Generating vulnerability report...
2025-10-26 05:00:08,013 - INFO - ✅ Report generated successfully!
2025-10-26 05:00:08,014 - INFO -    📊 Total vulnerabilities: 0
2025-10-26 05:00:08,014 - INFO -    🚨 Critical: 0
2025-10-26 05:00:08,014 - INFO -    ⚠️  KEV: 0
2025-10-26 05:00:08,014 - INFO -    📱 Notification sent: True
2025-10-26 05:00:08,016 - INFO - 🎉 Daily vulnerability report generation completed successfully in 5.00 seconds
2025-10-27 05:00:03,750 - INFO - 🌅 Starting daily vulnerability report generation at 2025-10-27 05:00:03.750547
2025-10-27 05:00:03,810 - INFO - 🔐 Authenticating with Sara Hub...
2025-10-27 05:00:08,185 - INFO - ✅ Authenticated as david@avery.cloud
2025-10-27 05:00:08,185 - INFO - 🔑 Access token received
2025-10-27 05:00:08,186 - INFO - 🚀 Generating vulnerability report...
2025-10-27 05:00:51,331 - INFO - ✅ Report generated successfully!
2025-10-27 05:00:51,332 - INFO -    📊 Total vulnerabilities: 0
2025-10-27 05:00:51,332 - INFO -    🚨 Critical: 0
2025-10-27 05:00:51,332 - INFO -    ⚠️  KEV: 0
2025-10-27 05:00:51,332 - INFO -    📱 Notification sent: True
2025-10-27 05:00:51,335 - INFO - 🎉 Daily vulnerability report generation completed successfully in 47.58 seconds
2025-10-28 05:00:04,383 - INFO - 🌅 Starting daily vulnerability report generation at 2025-10-28 05:00:04.382943
2025-10-28 05:00:04,420 - INFO - 🔐 Authenticating with Sara Hub...
2025-10-28 05:00:05,579 - INFO - ✅ Authenticated as david@avery.cloud
2025-10-28 05:00:05,580 - INFO - 🔑 Access token received
2025-10-28 05:00:05,580 - INFO - 🚀 Generating vulnerability report...
2025-10-28 05:00:10,533 - INFO - ✅ Report generated successfully!
2025-10-28 05:00:10,534 - INFO -    📊 Total vulnerabilities: 0
2025-10-28 05:00:10,534 - INFO -    🚨 Critical: 0
2025-10-28 05:00:10,534 - INFO -    ⚠️  KEV: 0
2025-10-28 05:00:10,535 - INFO -    📱 Notification sent: True
2025-10-28 05:00:10,537 - INFO - 🎉 Daily vulnerability report generation completed successfully in 6.15 seconds
